,coverage,alleles
ITGLHPTQA,17.1900,"HLA-DRB1*01:01,HLA-DRB1*01:03"
YRRLISMMG,48.1600,"HLA-DRB1*01:01,HLA-DRB1*01:03,HLA-DRB1*04:01,HLA-DRB1*04:05,HLA-DRB1*10:01,HLA-DRB1*11:01"
FVKIGPERT,26.0400,"HLA-DRB1*01:01,HLA-DRB1*01:03,HLA-DRB1*13:02,HLA-DRB1*14:02"
WTIEYPIIG,24.3100,"HLA-DRB1*01:01,HLA-DRB1*01:03,HLA-DRB1*08:01"
YVPLKSATC,19.0000,"HLA-DRB1*01:01,HLA-DRB1*01:03,HLA-DRB1*09:01"
YNMMISAGF,29.4400,"HLA-DRB1*01:01,HLA-DRB1*01:03,HLA-DRB1*12:01,HLA-DRB1*13:02,HLA-DRB1*14:02"
LFKDCSKVI,31.1100,"HLA-DRB1*03:01,HLA-DRB1*14:01"
LSVDTKFKT,26.0400,HLA-DRB1*03:01
IPKDMTYRR,32.7600,"HLA-DRB1*03:01,HLA-DRB1*04:02,HLA-DRB1*04:04"
IGFDVEGCH,31.1100,"HLA-DRB1*03:01,HLA-DRB1*14:01"
FMIDVQQWG,31.1100,"HLA-DRB1*03:01,HLA-DRB1*14:01"
VLHDIGNPK,32.7600,"HLA-DRB1*03:01,HLA-DRB1*04:02,HLA-DRB1*04:04"
FSTGVNLVA,40.7100,"HLA-DRB1*04:01,HLA-DRB1*04:02,HLA-DRB1*04:04,HLA-DRB1*04:05,HLA-DRB1*11:01,HLA-DRB1*11:02"
YVDTPNNTD,53.7600,"HLA-DRB1*04:01,HLA-DRB1*04:03,HLA-DRB1*04:05,HLA-DRB1*07:01,HLA-DRB1*08:01,HLA-DRB1*10:01"
WGFTGNLQS,40.7100,"HLA-DRB1*04:01,HLA-DRB1*04:02,HLA-DRB1*04:03,HLA-DRB1*04:04,HLA-DRB1*04:05,HLA-DRB1*08:01"
FYYSDSPCE,48.1600,"HLA-DRB1*04:01,HLA-DRB1*04:03,HLA-DRB1*04:05,HLA-DRB1*07:01,HLA-DRB1*09:01"
YYSDSPCES,39.1600,"HLA-DRB1*04:01,HLA-DRB1*04:05,HLA-DRB1*08:01,HLA-DRB1*10:01,HLA-DRB1*14:01"
ITREEAIRH,7.8400,"HLA-DRB1*04:02,HLA-DRB1*04:04"
LHDIGNPKA,51.0000,"HLA-DRB1*04:02,HLA-DRB1*04:03,HLA-DRB1*04:04,HLA-DRB1*09:01,HLA-DRB1*11:01,HLA-DRB1*11:02,HLA-DRB1*12:01,HLA-DRB1*15:01"
LHPTQAPTH,3.9600,"HLA-DRB1*04:03,HLA-DRB1*09:01"
LWNTFTRLQ,1.9900,HLA-DRB1*04:03
MFITREEAI,22.5600,HLA-DRB1*07:01
FDYVYNPFM,67.5100,"HLA-DRB1*07:01,HLA-DRB1*09:01,HLA-DRB1*13:01,HLA-DRB1*13:02,HLA-DRB1*14:02,HLA-DRB1*15:01"
FVKRVDWTI,22.5600,HLA-DRB1*07:01
FYDAQPCSD,24.3100,"HLA-DRB1*07:01,HLA-DRB1*10:01"
FKDCSKVIT,7.8400,HLA-DRB1*08:01
IGDELKINA,9.7500,"HLA-DRB1*08:01,HLA-DRB1*11:02"
FYSYATHSD,1.9900,HLA-DRB1*09:01
FKHLIPLMY,15.3600,"HLA-DRB1*10:01,HLA-DRB1*12:01,HLA-DRB1*13:02,HLA-DRB1*14:02"
YCQVHGNAH,11.6400,"HLA-DRB1*10:01,HLA-DRB1*13:02,HLA-DRB1*14:02"
VTGLFKDCS,24.3100,"HLA-DRB1*11:01,HLA-DRB1*11:02,HLA-DRB1*13:01"
YACWHHSIG,7.8400,HLA-DRB1*11:01
VLSNLNLPG,32.7600,"HLA-DRB1*11:01,HLA-DRB1*11:02,HLA-DRB1*12:01,HLA-DRB1*13:01,HLA-DRB1*14:01"
IPGIPKDMT,17.1900,"HLA-DRB1*11:02,HLA-DRB1*13:01"
VGTNLPLQL,3.9600,HLA-DRB1*12:01
IVQMLSDTL,19.0000,"HLA-DRB1*12:01,HLA-DRB1*13:01"
LFWNCNVDR,15.3600,HLA-DRB1*13:01
YPIIGDELK,9.7500,"HLA-DRB1*13:02,HLA-DRB1*14:02"
VSAKPPPGD,5.9100,HLA-DRB1*14:01
VNGYPNMFI,31.1100,HLA-DRB1*15:01
VASCDAIMT,31.1100,HLA-DRB1*15:01
VCLFWNCNV,31.1100,HLA-DRB1*15:01
VDRYPANSI,31.1100,HLA-DRB1*15:01
